%!Adobe-FontList 1.16
%Locale:0x412

%BeginFont
Handler:DirectoryHandler
FontType:Invalid
OutlineFileName:F:\개인사이트\Font\NotoSans\README
FileModTime:1508840014
%EndFont

%BeginFont
Handler:DirectoryHandler
FontType:Invalid
OutlineFileName:F:\개인사이트\Font\NotoSans\LICENSE_OFL.txt
FileModTime:1508840016
%EndFont

%BeginFont
Handler:DirectoryHandler
FontType:CID
FontName:NotoSansCJKkr-Black
FamilyName:Noto Sans CJK KR
StyleName:Black
FullName:Noto Sans CJK KR Black
MenuName:Noto Sans CJK KR Black
StyleBits:0
FamilyNameNative:
StyleNameNative:Black
FullNameNative:
WritingScript:Korean
OutlineFileName:F:\개인사이트\Font\NotoSans\NotoSansCJKkr-Black.otf
DataFormat:sfntData
isCFF:yes
FileLength:17368992
FileModTime:1434372544
WeightClass:900
WidthClass:5
AngleClass:0
NameArray:0,Mac,4,Noto Sans CJK KR Black
NameArray:0,Win,1,Noto Sans CJK KR Black
NameArray:0,Win,16,Noto Sans CJK KR
%EndFont

%BeginFont
Handler:DirectoryHandler
FontType:CID
FontName:NotoSansCJKkr-Bold
FamilyName:Noto Sans CJK KR
StyleName:Bold
FullName:Noto Sans CJK KR Bold
MenuName:Noto Sans CJK KR Bold
StyleBits:0
FamilyNameNative:
StyleNameNative:Bold
FullNameNative:
WritingScript:Korean
OutlineFileName:F:\개인사이트\Font\NotoSans\NotoSansCJKkr-Bold.otf
DataFormat:sfntData
isCFF:yes
FileLength:17027920
FileModTime:1434372544
WeightClass:700
WidthClass:5
AngleClass:0
NameArray:0,Mac,4,Noto Sans CJK KR Bold
NameArray:0,Win,1,Noto Sans CJK KR Bold
NameArray:0,Win,16,Noto Sans CJK KR
%EndFont

%BeginFont
Handler:DirectoryHandler
FontType:CID
FontName:NotoSansCJKkr-DemiLight
FamilyName:Noto Sans CJK KR
StyleName:DemiLight
FullName:Noto Sans CJK KR DemiLight
MenuName:Noto Sans CJK KR DemiLight
StyleBits:0
FamilyNameNative:
StyleNameNative:DemiLight
FullNameNative:
WritingScript:Korean
OutlineFileName:F:\개인사이트\Font\NotoSans\NotoSansCJKkr-DemiLight.otf
DataFormat:sfntData
isCFF:yes
FileLength:16397784
FileModTime:1434372544
WeightClass:350
WidthClass:5
AngleClass:0
NameArray:0,Mac,4,Noto Sans CJK KR DemiLight
NameArray:0,Win,1,Noto Sans CJK KR DemiLight
NameArray:0,Win,16,Noto Sans CJK KR
%EndFont

%BeginFont
Handler:DirectoryHandler
FontType:CID
FontName:NotoSansCJKkr-Light
FamilyName:Noto Sans CJK KR
StyleName:Light
FullName:Noto Sans CJK KR Light
MenuName:Noto Sans CJK KR Light
StyleBits:0
FamilyNameNative:
StyleNameNative:Light
FullNameNative:
WritingScript:Korean
OutlineFileName:F:\개인사이트\Font\NotoSans\NotoSansCJKkr-Light.otf
DataFormat:sfntData
isCFF:yes
FileLength:16273808
FileModTime:1434372544
WeightClass:300
WidthClass:5
AngleClass:0
NameArray:0,Mac,4,Noto Sans CJK KR Light
NameArray:0,Win,1,Noto Sans CJK KR Light
NameArray:0,Win,16,Noto Sans CJK KR
%EndFont

%BeginFont
Handler:DirectoryHandler
FontType:CID
FontName:NotoSansCJKkr-Medium
FamilyName:Noto Sans CJK KR
StyleName:Medium
FullName:Noto Sans CJK KR Medium
MenuName:Noto Sans CJK KR Medium
StyleBits:0
FamilyNameNative:
StyleNameNative:Medium
FullNameNative:
WritingScript:Korean
OutlineFileName:F:\개인사이트\Font\NotoSans\NotoSansCJKkr-Medium.otf
DataFormat:sfntData
isCFF:yes
FileLength:16534292
FileModTime:1434372544
WeightClass:500
WidthClass:5
AngleClass:0
NameArray:0,Mac,4,Noto Sans CJK KR Medium
NameArray:0,Win,1,Noto Sans CJK KR Medium
NameArray:0,Win,16,Noto Sans CJK KR
%EndFont

%BeginFont
Handler:DirectoryHandler
FontType:CID
FontName:NotoSansCJKkr-Regular
FamilyName:Noto Sans CJK KR
StyleName:Regular
FullName:Noto Sans CJK KR Regular
MenuName:Noto Sans CJK KR Regular
StyleBits:0
FamilyNameNative:
StyleNameNative:Regular
FullNameNative:
WritingScript:Korean
OutlineFileName:F:\개인사이트\Font\NotoSans\NotoSansCJKkr-Regular.otf
DataFormat:sfntData
isCFF:yes
FileLength:16457008
FileModTime:1434372544
WeightClass:400
WidthClass:5
AngleClass:0
NameArray:0,Mac,4,Noto Sans CJK KR Regular
NameArray:0,Win,1,Noto Sans CJK KR Regular
NameArray:0,Win,16,Noto Sans CJK KR
%EndFont

%BeginFont
Handler:DirectoryHandler
FontType:CID
FontName:NotoSansCJKkr-Thin
FamilyName:Noto Sans CJK KR
StyleName:Thin
FullName:Noto Sans CJK KR Thin
MenuName:Noto Sans CJK KR Thin
StyleBits:0
FamilyNameNative:
StyleNameNative:Thin
FullNameNative:
WritingScript:Korean
OutlineFileName:F:\개인사이트\Font\NotoSans\NotoSansCJKkr-Thin.otf
DataFormat:sfntData
isCFF:yes
FileLength:15184072
FileModTime:1434372544
WeightClass:250
WidthClass:5
AngleClass:0
NameArray:0,Mac,4,Noto Sans CJK KR Thin
NameArray:0,Win,1,Noto Sans CJK KR Thin
NameArray:0,Win,16,Noto Sans CJK KR
%EndFont

%BeginFont
Handler:DirectoryHandler
FontType:CID
FontName:NotoSansMonoCJKkr-Bold
FamilyName:Noto Sans Mono CJK KR
StyleName:Bold
FullName:Noto Sans Mono CJK KR Bold
MenuName:Noto Sans Mono CJK KR Bold
StyleBits:0
FamilyNameNative:
StyleNameNative:Bold
FullNameNative:
WritingScript:Korean
OutlineFileName:F:\개인사이트\Font\NotoSans\NotoSansMonoCJKkr-Bold.otf
DataFormat:sfntData
isCFF:yes
FileLength:17028296
FileModTime:1434372550
WeightClass:700
WidthClass:5
AngleClass:0
NameArray:0,Mac,4,Noto Sans Mono CJK KR Bold
NameArray:0,Win,1,Noto Sans Mono CJK KR Bold
NameArray:0,Win,16,Noto Sans Mono CJK KR
%EndFont

%BeginFont
Handler:DirectoryHandler
FontType:CID
FontName:NotoSansMonoCJKkr-Regular
FamilyName:Noto Sans Mono CJK KR
StyleName:Regular
FullName:Noto Sans Mono CJK KR Regular
MenuName:Noto Sans Mono CJK KR Regular
StyleBits:0
FamilyNameNative:
StyleNameNative:Regular
FullNameNative:
WritingScript:Korean
OutlineFileName:F:\개인사이트\Font\NotoSans\NotoSansMonoCJKkr-Regular.otf
DataFormat:sfntData
isCFF:yes
FileLength:16457388
FileModTime:1434372550
WeightClass:400
WidthClass:5
AngleClass:0
NameArray:0,Mac,4,Noto Sans Mono CJK KR Regular
NameArray:0,Win,1,Noto Sans Mono CJK KR Regular
NameArray:0,Win,16,Noto Sans Mono CJK KR
%EndFont

